// Jest Snapshot v1, https://goo.gl/fbAQLP

exports[`Check If HomePage Components Renders Correctly Should Render HomePage Component Correctly 1`] = `ShallowWrapper {}`;
