// Jest Snapshot v1, https://goo.gl/fbAQLP

exports[`Input Component Testing It should render Input Componet 1`] = `ShallowWrapper {}`;
