// Jest Snapshot v1, https://goo.gl/fbAQLP

exports[`About Page Testing Should Render About Page Correctly 1`] = `ShallowWrapper {}`;
